../Core/Src/main.c:106:5:main	8	static
../Core/Src/main.c:167:6:initializeSensors	8	static
../Core/Src/main.c:185:6:sendLoRaCommand	16	static
../Core/Src/main.c:195:6:displayLCDMessage	16	static
../Core/Src/main.c:207:6:processSHT31Data	96	static
../Core/Src/main.c:250:6:processDHT22Data	96	static
../Core/Src/main.c:281:6:processHX711Data	40	static
../Core/Src/main.c:302:1:__io_putchar	16	static
../Core/Src/main.c:308:6:HAL_GPIO_EXTI_Callback	16	static
../Core/Src/main.c:320:6:SystemClock_Config	96	static
../Core/Src/main.c:371:6:Error_Handler	4	static,ignoring_inline_asm
