../Core/Src/main.c:65:6:delay	16	static
../Core/Src/main.c:72:6:Display_Temp	40	static
../Core/Src/main.c:81:6:Display_Rh	40	static
../Core/Src/main.c:97:6:Set_Pin_Output	40	static
../Core/Src/main.c:106:6:Set_Pin_Input	40	static
../Core/Src/main.c:116:6:DHT11_Start	8	static
../Core/Src/main.c:126:9:DHT11_Check_Response	16	static
../Core/Src/main.c:144:9:DHT11_Read	16	static
../Core/Src/main.c:167:5:main	16	static
../Core/Src/main.c:259:6:SystemClock_Config	96	static
../Core/Src/main.c:312:6:Error_Handler	4	static,ignoring_inline_asm
